[wagtrung.com/index.html]
[backblue.gif]
[fade.gif]
[index.html]
[wagtrung.com/img/meta/home.png]
[wagtrung.com/css/vendors.css]
[wagtrung.com/css/main.css]
[wagtrung.com/img/favicon/favicon.ico]
[wagtrung.com/index-2.html]
[wagtrung.com/case-studies.html]
[wagtrung.com/about-me.html]
[wagtrung.com/works.html]
[wagtrung.com/img/general/wt.png]
[wagtrung.com/transparent.a.delayed]
[wagtrung.com/img/vid/videoplayback.mp4]
[wagtrung.com/erp-system.html]
[wagtrung.com/ielts-tinder.html]
[wagtrung.com/mobile.html]
[wagtrung.com/img/backgrounds/CV_QuangTrung_UIUX.pdf]
[wagtrung.com/covid19.html]
[wagtrung.com/vn-kr.html]
[wagtrung.com/img/general/thumbnail-vnkr.png]
[wagtrung.com/vfcd.html]
[wagtrung.com/img/i-vfcd/thumbnail.png]
[wagtrung.com/img/general/wo.png]
[wagtrung.com/img/award/tin.png]
[wagtrung.com/img/award/krr.png]
[wagtrung.com/img/award/asus.png]
[wagtrung.com/img/award/uk.png]
[wagtrung.com/img/award/vinaman.png]
[wagtrung.com/img/award/vfcd.png]
[wagtrung.com/img/award/plastic.png]
[wagtrung.com/img/award/samsung.png]
[wagtrung.com/img/award/oppo.png]
[wagtrung.com/img/award/lo.png]
[wagtrung.com/img/award/yoga.png]
[wagtrung.com/js/vendors.js]
[wagtrung.com/index.html]
[wagtrung.com/js/main.js]
[wagtrung.com/fonts/fontawesome-webfont.223e6e.delayed]
[wagtrung.com/fonts/fontawesome-webfont.23d41d.delayed]
[wagtrung.com/fonts/fontawesome-webfont3e6e.woff2]
[wagtrung.com/fonts/fontawesome-webfont.253e6e.delayed]
[wagtrung.com/fonts/fontawesome-webfont.263e6e.delayed]
[wagtrung.com/fonts/fontawesome-webfont.273e6e.delayed]
[wagtrung.com/fonts/icomoon.28a910.delayed]
[wagtrung.com/fonts/icomoon.29a910.delayed]
[wagtrung.com/fonts/icomoon.2aa910.delayed]
[wagtrung.com/fonts/icomoon.2ba910.delayed]
[wagtrung.com/css/vendors.css]
[wagtrung.com/img/general/loader.svg]
[wagtrung.com/img/general/not.svg]
[wagtrung.com/img/general/note.svg]
[wagtrung.com/css/main.css]
[wagtrung.com/index-2.html]
[wagtrung.com/img/meta/case.png]
[wagtrung.com/case-studies.html]
[wagtrung.com/writing.html]
[wagtrung.com/img/meta/about.png]
[wagtrung.com/img/backgrounds/about.jpg]
[wagtrung.com/img/general/tinder.png]
[wagtrung.com/img/vid/about.mp4]
[wagtrung.com/img/general/meu.png]
[wagtrung.com/img/general/iu.png]
[wagtrung.com/img/general/vnu.png]
[wagtrung.com/img/general/ie.png]
[wagtrung.com/img/general/book-1.png]
[wagtrung.com/img/general/book-3.png]
[wagtrung.com/img/general/book-2.png]
[wagtrung.com/img/general/book-4.png]
[wagtrung.com/img/general/bg-mic.jpg]
[wagtrung.com/about-me.html]
[wagtrung.com/info.html]
[wagtrung.com/img/meta/work.png]
[wagtrung.com/img/work/ui/ui (1).jpg]
[wagtrung.com/img/work/brand (1).jpg]
[wagtrung.com/img/work/design/de (1).jpg]
[wagtrung.com/img/work/brand (2).jpg]
[wagtrung.com/img/work/brand (3).jpg]
[wagtrung.com/img/work/brand (4).jpg]
[wagtrung.com/img/work/brand (5).jpg]
[wagtrung.com/img/work/brand (6).jpg]
[wagtrung.com/img/work/brand (7).jpg]
[wagtrung.com/img/work/design/de (23).jpg]
[wagtrung.com/img/work/design/de (22).jpg]
[wagtrung.com/img/work/design/de (21).jpg]
[wagtrung.com/img/work/design/de (20).jpg]
[wagtrung.com/img/work/brand (8).jpg]
[wagtrung.com/img/work/brand (9).jpg]
[wagtrung.com/img/work/brand (10).jpg]
[wagtrung.com/img/work/brand (11).jpg]
[wagtrung.com/img/work/brand (12).jpg]
[wagtrung.com/img/work/brand (13).jpg]
[wagtrung.com/img/work/brand (14).jpg]
[wagtrung.com/img/work/brand (15).jpg]
[wagtrung.com/img/work/brand (16).jpg]
[wagtrung.com/img/work/brand (17).jpg]
[wagtrung.com/img/work/brand (18).jpg]
[wagtrung.com/img/work/brand (19).jpg]
[wagtrung.com/img/work/brand (20).jpg]
[wagtrung.com/img/work/brand (21).jpg]
[wagtrung.com/img/work/brand (22).jpg]
[wagtrung.com/img/work/brand (23).jpg]
[wagtrung.com/img/work/brand (24).jpg]
[wagtrung.com/img/work/brand (25).jpg]
[wagtrung.com/img/work/brand (26).jpg]
[wagtrung.com/img/work/brand (27).jpg]
[wagtrung.com/img/work/brand (28).jpg]
[wagtrung.com/img/work/brand (29).jpg]
[wagtrung.com/img/work/brand (30).jpg]
[wagtrung.com/img/work/brand (31).jpg]
[wagtrung.com/img/work/brand (32).jpg]
[wagtrung.com/img/work/brand (33).jpg]
[wagtrung.com/img/work/brand (34).jpg]
[wagtrung.com/img/work/brand (35).jpg]
[wagtrung.com/img/work/brand (36).jpg]
[wagtrung.com/img/work/brand (37).jpg]
[wagtrung.com/img/work/brand (38).jpg]
[wagtrung.com/img/work/brand (39).jpg]
[wagtrung.com/img/work/brand (40).jpg]
[wagtrung.com/img/work/brand (41).jpg]
[wagtrung.com/img/work/brand (42).jpg]
[wagtrung.com/img/work/brand (43).jpg]
[wagtrung.com/img/work/brand (44).jpg]
[wagtrung.com/img/work/brand (45).jpg]
[wagtrung.com/img/work/brand (46).jpg]
[wagtrung.com/img/work/brand (47).jpg]
[wagtrung.com/img/work/brand (48).jpg]
[wagtrung.com/img/work/brand (49).jpg]
[wagtrung.com/img/work/brand (50).jpg]
[wagtrung.com/img/work/brand (51).jpg]
[wagtrung.com/img/work/brand (52).jpg]
[wagtrung.com/img/work/brand (53).jpg]
[wagtrung.com/img/work/brand (54).jpg]
[wagtrung.com/img/work/brand (55).jpg]
[wagtrung.com/img/work/brand (56).jpg]
[wagtrung.com/img/work/brand (57).jpg]
[wagtrung.com/img/work/brand (58).jpg]
[wagtrung.com/img/work/brand (59).jpg]
[wagtrung.com/img/work/brand (60).jpg]
[wagtrung.com/img/work/brand (61).jpg]
[wagtrung.com/img/work/brand (62).jpg]
[wagtrung.com/img/work/brand (63).jpg]
[wagtrung.com/img/work/brand (1).png]
[wagtrung.com/img/work/brand (2).png]
[wagtrung.com/img/work/brand (3).png]
[wagtrung.com/img/work/brand (4).png]
[wagtrung.com/img/work/ui/ui (1).png]
[wagtrung.com/img/work/design/de (1).png]
[wagtrung.com/img/work/ui/ui (2).jpg]
[wagtrung.com/img/work/ui/ui (2).png]
[wagtrung.com/img/work/ui/ui (3).png]
[wagtrung.com/img/work/ui/ui (3).jpg]
[wagtrung.com/img/work/ui/ui (4).jpg]
[wagtrung.com/img/work/ui/ui (5).png]
[wagtrung.com/img/work/ui/ui (5).jpg]
[wagtrung.com/img/work/ui/ui (6).png]
[wagtrung.com/img/work/ui/ui (6).jpg]
[wagtrung.com/img/work/ui/ui (7).jpg]
[wagtrung.com/img/work/ui/ui (8).jpg]
[wagtrung.com/img/work/design/de (19).jpg]
[wagtrung.com/img/work/design/de (18).jpg]
[wagtrung.com/img/work/design/de (17).jpg]
[wagtrung.com/img/work/design/de (16).jpg]
[wagtrung.com/img/work/design/de (15).jpg]
[wagtrung.com/img/work/design/de (14).jpg]
[wagtrung.com/img/work/design/de (13).jpg]
[wagtrung.com/img/work/design/de (12).jpg]
[wagtrung.com/img/work/design/de (11).jpg]
[wagtrung.com/img/work/design/de (2).jpg]
[wagtrung.com/img/work/design/de (4).jpg]
[wagtrung.com/img/work/design/de (5).jpg]
[wagtrung.com/img/work/design/de (6).jpg]
[wagtrung.com/img/work/design/de (8).jpg]
[wagtrung.com/img/work/design/de (9).jpg]
[wagtrung.com/img/work/design/de (10).jpg]
[wagtrung.com/img/general/bg-mic2.jpg]
[wagtrung.com/works.html]
[wagtrung.com/transparent.html]
[wagtrung.com/erp-system-2.html]
[wagtrung.com/img/general/intro.jpg]
[wagtrung.com/about.b4.delayed]
[wagtrung.com/img/4-ERP-casestudy/gradient.png]
[wagtrung.com/img/4-ERP-casestudy/newintro.png]
[wagtrung.com/img/4-ERP-casestudy/oldintro.png]
[wagtrung.com/img/4-ERP-casestudy/old1.png]
[wagtrung.com/img/4-ERP-casestudy/old2.png]
[wagtrung.com/img/4-ERP-casestudy/old3.png]
[wagtrung.com/img/4-ERP-casestudy/old4.png]
[wagtrung.com/img/4-ERP-casestudy/eye0.png]
[wagtrung.com/img/4-ERP-casestudy/eye2.gif]
[wagtrung.com/img/4-ERP-casestudy/quan.png]
[wagtrung.com/img/general/intro.png]
[wagtrung.com/img/4-ERP-casestudy/Empa.png]
[wagtrung.com/img/4-ERP-casestudy/jm.png]
[wagtrung.com/img/4-ERP-casestudy/competi.png]
[wagtrung.com/img/4-ERP-casestudy/aprove2.png]
[wagtrung.com/img/4-ERP-casestudy/aprove.png]
[wagtrung.com/img/4-ERP-casestudy/ia.png]
[wagtrung.com/img/4-ERP-casestudy/slider-3.jpg]
[wagtrung.com/img/4-ERP-casestudy/slider-1.jpg]
[wagtrung.com/img/4-ERP-casestudy/slider-4.jpg]
[wagtrung.com/img/4-ERP-casestudy/slider-5.jpg]
[wagtrung.com/img/4-ERP-casestudy/slider-6.jpg]
[wagtrung.com/img/4-ERP-casestudy/slider-2.jpg]
[wagtrung.com/img/general/bbgg.jpg]
[wagtrung.com/img/4-ERP-casestudy/uxlaw.png]
[wagtrung.com/img/4-ERP-casestudy/eyenew.png]
[wagtrung.com/img/4-ERP-casestudy/eyenew.gif]
[wagtrung.com/img/general/itinder.png]
[wagtrung.com/erp-system.html]
[wagtrung.com/img/i-tinder/i(2).png]
[wagtrung.com/img/i-tinder/i(1).png]
[wagtrung.com/img/i-tinder/si-1.png]
[wagtrung.com/img/i-tinder/si-5.png]
[wagtrung.com/img/i-tinder/si-8.png]
[wagtrung.com/img/i-tinder/si-4.png]
[wagtrung.com/img/i-tinder/si-3.png]
[wagtrung.com/img/i-tinder/si-2.png]
[wagtrung.com/img/general/hrmpng.png]
[wagtrung.com/ielts-tinder.html]
[wagtrung.com/img/i-mobile/tr (2).png]
[wagtrung.com/img/i-mobile/tr (3).png]
[wagtrung.com/img/i-mobile/tr (6).png]
[wagtrung.com/img/i-mobile/tr (5).png]
[wagtrung.com/mobile.html]
[wagtrung.com/covid19-2.html]
[wagtrung.com/img/covid/ap.jpg]
[wagtrung.com/img/covid/f2.gif]
[wagtrung.com/img/covid/f3.gif]
[wagtrung.com/img/covid/f4.png]
[wagtrung.com/img/covid/f5.png]
[wagtrung.com/img/covid/f6.png]
[wagtrung.com/img/covid/f7.png]
[wagtrung.com/img/covid/f8.png]
[wagtrung.com/img/covid/world.png]
[wagtrung.com/img/covid/f10.png]
[wagtrung.com/img/covid/covid6.png]
[wagtrung.com/img/covid/covid1.png]
[wagtrung.com/img/covid/covid5.png]
[wagtrung.com/img/covid/covid4.png]
[wagtrung.com/img/covid/covid3.png]
[wagtrung.com/img/covid/covid2.png]
[wagtrung.com/img/covid/swot.png]
[wagtrung.com/img/covid/country.png]
[wagtrung.com/covid19.html]
[wagtrung.com/img/i-vnkr/problem-1.jpg]
[wagtrung.com/img/i-vnkr/problem-2.jpg]
[wagtrung.com/img/i-vnkr/problem-3.jpg]
[wagtrung.com/img/i-vnkr/mean.jpg]
[wagtrung.com/img/i-vnkr/jury.png]
[wagtrung.com/img/i-vnkr/vn.jpg]
[wagtrung.com/img/i-vnkr/vn2.jpg]
[wagtrung.com/img/i-vnkr/vn3.jpg]
[wagtrung.com/img/i-vnkr/vn4.jpg]
[wagtrung.com/img/i-vnkr/vn5.jpg]
[wagtrung.com/vn-kr.html]
[wagtrung.com/img/i-vfcd/problem.jpg]
[wagtrung.com/img/i-vfcd/problem2.jpg]
[wagtrung.com/img/i-vfcd/problem3.jpg]
[wagtrung.com/img/i-vfcd/si-1.png]
[wagtrung.com/img/i-vfcd/si-5.png]
[wagtrung.com/img/i-vfcd/si-4.png]
[wagtrung.com/img/i-vfcd/si-3.png]
[wagtrung.com/img/i-vfcd/si-2.png]
[wagtrung.com/img/i-vfcd/si-6.png]
[wagtrung.com/img/i-vfcd/si-7.png]
[wagtrung.com/img/i-vfcd/si-8.png]
[wagtrung.com/img/i-vfcd/si-9.png]
[wagtrung.com/img/i-vfcd/result.jpg]
[wagtrung.com/vfcd.html]
[wagtrung.com/fonts/fontawesome-webfont3e6e.html]
[wagtrung.com/fonts/fontawesome-webfontd41d.html]
[wagtrung.com/fonts/fontawesome-webfont3e6e-2.html]
[wagtrung.com/fonts/fontawesome-webfont3e6e-3.html]
[wagtrung.com/fonts/fontawesome-webfont3e6e-4.html]
[wagtrung.com/fonts/icomoona910.html]
[wagtrung.com/fonts/icomoona910-2.html]
[wagtrung.com/fonts/icomoona910-3.html]
[wagtrung.com/fonts/icomoona910-4.html]
[wagtrung.com/img/general/loader.svg]
[wagtrung.com/img/general/suc.svg]
[wagtrung.com/img/general/not.svg]
[wagtrung.com/img/general/dropdown.svg]
[wagtrung.com/img/general/chevron-down.svg]
[wagtrung.com/img/general/chevron-up.svg]
[wagtrung.com/img/general/bg-grid.svg]
[wagtrung.com/img/general/2lin.svg]
[wagtrung.com/img/general/zlin.svg]
[wagtrung.com/img/general/cir2.svg]
[wagtrung.com/img/general/line.svg]
[wagtrung.com/img/general/cir.svg]
[wagtrung.com/img/general/sizer.svg]
[wagtrung.com/img/general/note.svg]
[wagtrung.com/img/illus/illu-3.png]
[wagtrung.com/img/general/w-test.jpg]
[wagtrung.com/img/illus/illu-5.png]
[wagtrung.com/writing.html]
[wagtrung.com/img/illus/illu-8.png]
[wagtrung.com/info-2.html]
[wagtrung.com/img/award/wt2.jpg]
[wagtrung.com/img/award/uk2.png]
[wagtrung.com/js/erp-system.10f.delayed]
[wagtrung.com/info.html]
[wagtrung.com/erp-system-2.html]
[wagtrung.com/about.html]
[wagtrung.com/covid19-2.html]
[wagtrung.com/info-2.html]
[wagtrung.com/js/erp-system.html]
